Category: 📺央视频道, Name: CCTV-1, Total: 1, Valid: 1, Valid Percent: 100.00%, Whitelist: 0, IPv4: 1, IPv6: 0, Min Delay: 1648 ms, Max Speed: 0.59 M/s, Avg Speed: 0.59 M/s, Max Resolution: 1920x1080
Category: 📺央视频道, Name: CCTV-2, Total: 1, Valid: 1, Valid Percent: 100.00%, Whitelist: 0, IPv4: 1, IPv6: 0, Min Delay: 422 ms, Max Speed: 4.84 M/s, Avg Speed: 4.84 M/s, Max Resolution: 1280x720
Category: 📺央视频道, Name: CCTV-5, Total: 2, Valid: 2, Valid Percent: 100.00%, Whitelist: 0, IPv4: 2, IPv6: 0, Min Delay: 456 ms, Max Speed: 4.31 M/s, Avg Speed: 2.17 M/s, Max Resolution: 1920x1080
Category: 📺央视频道, Name: CCTV-5+, Total: 1, Valid: 1, Valid Percent: 100.00%, Whitelist: 0, IPv4: 1, IPv6: 0, Min Delay: 3002 ms, Max Speed: 0.13 M/s, Avg Speed: 0.13 M/s, Max Resolution: None
Category: 📺央视频道, Name: CCTV-9, Total: 1, Valid: 1, Valid Percent: 100.00%, Whitelist: 0, IPv4: 1, IPv6: 0, Min Delay: 1454 ms, Max Speed: 0.14 M/s, Avg Speed: 0.14 M/s, Max Resolution: None
Category: 📺央视频道, Name: CCTV-11, Total: 1, Valid: 1, Valid Percent: 100.00%, Whitelist: 0, IPv4: 1, IPv6: 0, Min Delay: 3002 ms, Max Speed: 0.08 M/s, Avg Speed: 0.08 M/s, Max Resolution: None
Category: 📺央视频道, Name: CCTV-16, Total: 1, Valid: 1, Valid Percent: 100.00%, Whitelist: 0, IPv4: 1, IPv6: 0, Min Delay: 392 ms, Max Speed: 3.34 M/s, Avg Speed: 3.34 M/s, Max Resolution: 1280x720
Category: 📺央视频道, Name: CETV-1, Total: 5, Valid: 5, Valid Percent: 100.00%, Whitelist: 0, IPv4: 5, IPv6: 0, Min Delay: 635 ms, Max Speed: 8.27 M/s, Avg Speed: 2.51 M/s, Max Resolution: 1920x1080
Category: 📺央视频道, Name: CETV-2, Total: 1, Valid: 1, Valid Percent: 100.00%, Whitelist: 0, IPv4: 1, IPv6: 0, Min Delay: 3001 ms, Max Speed: 1.01 M/s, Avg Speed: 1.01 M/s, Max Resolution: None
Category: 📺央视频道, Name: CETV-3, Total: 7, Valid: 7, Valid Percent: 100.00%, Whitelist: 0, IPv4: 7, IPv6: 0, Min Delay: 85 ms, Max Speed: 4.64 M/s, Avg Speed: 2.58 M/s, Max Resolution: 720x576
Category: 📺央视频道, Name: CETV-4, Total: 1, Valid: 1, Valid Percent: 100.00%, Whitelist: 0, IPv4: 1, IPv6: 0, Min Delay: 2103 ms, Max Speed: 0.93 M/s, Avg Speed: 0.93 M/s, Max Resolution: 1280x720
Category: 💰央视付费频道, Name: 文化精品, Total: 2, Valid: 2, Valid Percent: 100.00%, Whitelist: 0, IPv4: 2, IPv6: 0, Min Delay: 3001 ms, Max Speed: 0.55 M/s, Avg Speed: 0.54 M/s, Max Resolution: 1920x1080
Category: 💰央视付费频道, Name: 风云音乐, Total: 3, Valid: 3, Valid Percent: 100.00%, Whitelist: 0, IPv4: 3, IPv6: 0, Min Delay: 508 ms, Max Speed: 8.03 M/s, Avg Speed: 5.68 M/s, Max Resolution: 1920x1080
Category: 💰央视付费频道, Name: 第一剧场, Total: 1, Valid: 1, Valid Percent: 100.00%, Whitelist: 0, IPv4: 0, IPv6: 1, Min Delay: 329 ms, Max Speed: 4.87 M/s, Avg Speed: 4.87 M/s, Max Resolution: 1280x720
Category: 💰央视付费频道, Name: 高尔夫网球, Total: 1, Valid: 1, Valid Percent: 100.00%, Whitelist: 0, IPv4: 1, IPv6: 0, Min Delay: 465 ms, Max Speed: 0.02 M/s, Avg Speed: 0.02 M/s, Max Resolution: 1920x1080
Category: 💰央视付费频道, Name: 电视指南, Total: 1, Valid: 1, Valid Percent: 100.00%, Whitelist: 0, IPv4: 1, IPv6: 0, Min Delay: 569 ms, Max Speed: 7.49 M/s, Avg Speed: 7.49 M/s, Max Resolution: 1920x1080
Category: 💰央视付费频道, Name: 兵器科技, Total: 5, Valid: 5, Valid Percent: 100.00%, Whitelist: 0, IPv4: 5, IPv6: 0, Min Delay: 43 ms, Max Speed: 119.25 M/s, Avg Speed: 48.98 M/s, Max Resolution: 1920x1080
Category: 📡卫视频道, Name: 湖北卫视, Total: 1, Valid: 1, Valid Percent: 100.00%, Whitelist: 0, IPv4: 1, IPv6: 0, Min Delay: 1052 ms, Max Speed: 4.14 M/s, Avg Speed: 4.14 M/s, Max Resolution: 1920x1080
Category: 📡卫视频道, Name: 重庆卫视, Total: 1, Valid: 1, Valid Percent: 100.00%, Whitelist: 0, IPv4: 1, IPv6: 0, Min Delay: 601 ms, Max Speed: 7.50 M/s, Avg Speed: 7.50 M/s, Max Resolution: 1920x1080
Category: 📡卫视频道, Name: 东南卫视, Total: 1, Valid: 1, Valid Percent: 100.00%, Whitelist: 0, IPv4: 1, IPv6: 0, Min Delay: 3002 ms, Max Speed: 0.35 M/s, Avg Speed: 0.35 M/s, Max Resolution: None
Category: 📡卫视频道, Name: 海南卫视, Total: 1, Valid: 1, Valid Percent: 100.00%, Whitelist: 0, IPv4: 1, IPv6: 0, Min Delay: 1419 ms, Max Speed: 0.01 M/s, Avg Speed: 0.01 M/s, Max Resolution: 1920x1080
Category: 📡卫视频道, Name: 江西卫视, Total: 1, Valid: 1, Valid Percent: 100.00%, Whitelist: 0, IPv4: 1, IPv6: 0, Min Delay: 3002 ms, Max Speed: 0.16 M/s, Avg Speed: 0.16 M/s, Max Resolution: None
Category: 📡卫视频道, Name: 内蒙古卫视, Total: 2, Valid: 2, Valid Percent: 100.00%, Whitelist: 0, IPv4: 2, IPv6: 0, Min Delay: 2405 ms, Max Speed: 0.77 M/s, Avg Speed: 0.77 M/s, Max Resolution: 1920x1080
Category: 📡卫视频道, Name: 青海卫视, Total: 1, Valid: 1, Valid Percent: 100.00%, Whitelist: 0, IPv4: 0, IPv6: 1, Min Delay: 2932 ms, Max Speed: 0.59 M/s, Avg Speed: 0.59 M/s, Max Resolution: 1920x1080
Category: 📡卫视频道, Name: 西藏卫视, Total: 1, Valid: 1, Valid Percent: 100.00%, Whitelist: 0, IPv4: 1, IPv6: 0, Min Delay: 3003 ms, Max Speed: 0.10 M/s, Avg Speed: 0.10 M/s, Max Resolution: None
Category: ☘️浙江频道, Name: 浙江钱江, Total: 7, Valid: 7, Valid Percent: 100.00%, Whitelist: 0, IPv4: 5, IPv6: 2, Min Delay: 1417 ms, Max Speed: 0.90 M/s, Avg Speed: 0.74 M/s, Max Resolution: 1920x1080
Category: ☘️浙江频道, Name: 浙江生活, Total: 2, Valid: 2, Valid Percent: 100.00%, Whitelist: 0, IPv4: 1, IPv6: 1, Min Delay: 529 ms, Max Speed: 0.91 M/s, Avg Speed: 0.46 M/s, Max Resolution: None
Category: ☘️浙江频道, Name: 浙江经济生活, Total: 1, Valid: 1, Valid Percent: 100.00%, Whitelist: 0, IPv4: 1, IPv6: 0, Min Delay: 2259 ms, Max Speed: 0.86 M/s, Avg Speed: 0.86 M/s, Max Resolution: 1920x1080
Category: ☘️浙江频道, Name: 浙江教育, Total: 3, Valid: 3, Valid Percent: 100.00%, Whitelist: 0, IPv4: 2, IPv6: 1, Min Delay: 1631 ms, Max Speed: 0.83 M/s, Avg Speed: 0.73 M/s, Max Resolution: 1920x1080
Category: ☘️浙江频道, Name: 浙江民生, Total: 4, Valid: 4, Valid Percent: 100.00%, Whitelist: 0, IPv4: 3, IPv6: 1, Min Delay: 2217 ms, Max Speed: 0.98 M/s, Avg Speed: 0.90 M/s, Max Resolution: 1920x1080
Category: ☘️浙江频道, Name: 浙江少儿, Total: 5, Valid: 5, Valid Percent: 100.00%, Whitelist: 0, IPv4: 3, IPv6: 2, Min Delay: 2047 ms, Max Speed: 0.87 M/s, Avg Speed: 0.82 M/s, Max Resolution: 1920x1080
Category: ☘️浙江频道, Name: 杭州综合, Total: 1, Valid: 1, Valid Percent: 100.00%, Whitelist: 0, IPv4: 1, IPv6: 0, Min Delay: 1570 ms, Max Speed: 0.05 M/s, Avg Speed: 0.05 M/s, Max Resolution: None
Category: ☘️浙江频道, Name: 浙江教科, Total: 1, Valid: 1, Valid Percent: 100.00%, Whitelist: 0, IPv4: 1, IPv6: 0, Min Delay: 2075 ms, Max Speed: 0.87 M/s, Avg Speed: 0.87 M/s, Max Resolution: 1920x1080
Category: ☘️浙江频道, Name: 之江纪录, Total: 3, Valid: 3, Valid Percent: 100.00%, Whitelist: 0, IPv4: 2, IPv6: 1, Min Delay: 2110 ms, Max Speed: 0.99 M/s, Avg Speed: 0.85 M/s, Max Resolution: 1920x1080
Category: ☘️浙江频道, Name: 浙江国际, Total: 5, Valid: 5, Valid Percent: 100.00%, Whitelist: 0, IPv4: 3, IPv6: 2, Min Delay: 1765 ms, Max Speed: 0.79 M/s, Avg Speed: 0.71 M/s, Max Resolution: 1920x1080
Category: ☘️浙江频道, Name: 嘉兴新闻综合, Total: 1, Valid: 1, Valid Percent: 100.00%, Whitelist: 0, IPv4: 1, IPv6: 0, Min Delay: 1239 ms, Max Speed: 0.80 M/s, Avg Speed: 0.80 M/s, Max Resolution: 1920x1080
Category: ☘️浙江频道, Name: 湖州公共, Total: 5, Valid: 5, Valid Percent: 100.00%, Whitelist: 0, IPv4: 5, IPv6: 0, Min Delay: 1580 ms, Max Speed: 0.22 M/s, Avg Speed: 0.15 M/s, Max Resolution: 1280x720
Category: ☘️浙江频道, Name: 湖州新闻综合, Total: 4, Valid: 4, Valid Percent: 100.00%, Whitelist: 0, IPv4: 4, IPv6: 0, Min Delay: 1284 ms, Max Speed: 0.26 M/s, Avg Speed: 0.25 M/s, Max Resolution: 1280x720
Category: ☘️浙江频道, Name: 湖州文化娱乐, Total: 3, Valid: 3, Valid Percent: 100.00%, Whitelist: 0, IPv4: 3, IPv6: 0, Min Delay: 1916 ms, Max Speed: 0.53 M/s, Avg Speed: 0.52 M/s, Max Resolution: 1280x720
Category: ☘️浙江频道, Name: 浙江留学, Total: 2, Valid: 2, Valid Percent: 100.00%, Whitelist: 0, IPv4: 1, IPv6: 1, Min Delay: 1551 ms, Max Speed: 0.25 M/s, Avg Speed: 0.20 M/s, Max Resolution: 1920x1080
Category: ☘️浙江频道, Name: 浙江休闲台, Total: 1, Valid: 1, Valid Percent: 100.00%, Whitelist: 0, IPv4: 0, IPv6: 1, Min Delay: 2018 ms, Max Speed: 0.74 M/s, Avg Speed: 0.74 M/s, Max Resolution: 1920x1080
Category: ☘️浙江频道, Name: 浙江青田, Total: 1, Valid: 1, Valid Percent: 100.00%, Whitelist: 0, IPv4: 1, IPv6: 0, Min Delay: 3001 ms, Max Speed: 0.24 M/s, Avg Speed: 0.24 M/s, Max Resolution: 1920x1080
Category: ☘️浙江频道, Name: 浙江遂昌, Total: 1, Valid: 1, Valid Percent: 100.00%, Whitelist: 0, IPv4: 1, IPv6: 0, Min Delay: 2796 ms, Max Speed: 0.38 M/s, Avg Speed: 0.38 M/s, Max Resolution: None
Category: ☘️浙江频道, Name: 诸暨新闻综合, Total: 3, Valid: 3, Valid Percent: 100.00%, Whitelist: 0, IPv4: 1, IPv6: 2, Min Delay: 3001 ms, Max Speed: 0.73 M/s, Avg Speed: 0.63 M/s, Max Resolution: 1920x1080
Category: ☘️浙江频道, Name: 龙游生活娱乐, Total: 1, Valid: 1, Valid Percent: 100.00%, Whitelist: 0, IPv4: 0, IPv6: 1, Min Delay: 3001 ms, Max Speed: 0.43 M/s, Avg Speed: 0.43 M/s, Max Resolution: 1920x1080
Category: ☘️浙江频道, Name: 龙游新闻综合, Total: 2, Valid: 2, Valid Percent: 100.00%, Whitelist: 0, IPv4: 0, IPv6: 2, Min Delay: 2411 ms, Max Speed: 0.49 M/s, Avg Speed: 0.46 M/s, Max Resolution: 1920x1080
Category: ☘️浙江频道, Name: 龙泉新闻综合, Total: 2, Valid: 2, Valid Percent: 100.00%, Whitelist: 0, IPv4: 1, IPv6: 1, Min Delay: 2590 ms, Max Speed: 0.70 M/s, Avg Speed: 0.70 M/s, Max Resolution: 1920x1080
Category: ☘️浙江频道, Name: 遂昌综合, Total: 2, Valid: 2, Valid Percent: 100.00%, Whitelist: 0, IPv4: 1, IPv6: 1, Min Delay: 2152 ms, Max Speed: 0.44 M/s, Avg Speed: 0.36 M/s, Max Resolution: 1920x1080
Category: ☘️浙江频道, Name: 象山综合, Total: 1, Valid: 1, Valid Percent: 100.00%, Whitelist: 0, IPv4: 1, IPv6: 0, Min Delay: 469 ms, Max Speed: 8.95 M/s, Avg Speed: 8.95 M/s, Max Resolution: 1920x1080
Category: ☘️浙江频道, Name: 衢江新闻综合, Total: 1, Valid: 1, Valid Percent: 100.00%, Whitelist: 0, IPv4: 0, IPv6: 1, Min Delay: 3001 ms, Max Speed: 0.65 M/s, Avg Speed: 0.65 M/s, Max Resolution: 1920x1080
Category: ☘️浙江频道, Name: 萧山生活, Total: 5, Valid: 5, Valid Percent: 100.00%, Whitelist: 0, IPv4: 2, IPv6: 3, Min Delay: 2545 ms, Max Speed: 0.80 M/s, Avg Speed: 0.67 M/s, Max Resolution: 1920x1080
Category: ☘️浙江频道, Name: 萧山新闻综合, Total: 1, Valid: 1, Valid Percent: 100.00%, Whitelist: 0, IPv4: 0, IPv6: 1, Min Delay: 3001 ms, Max Speed: 0.76 M/s, Avg Speed: 0.76 M/s, Max Resolution: 1920x1080
Category: ☘️浙江频道, Name: 苍南新闻综合, Total: 3, Valid: 3, Valid Percent: 100.00%, Whitelist: 0, IPv4: 1, IPv6: 2, Min Delay: 3001 ms, Max Speed: 1.09 M/s, Avg Speed: 0.95 M/s, Max Resolution: 1920x1080
Category: ☘️浙江频道, Name: 缙云综合, Total: 1, Valid: 1, Valid Percent: 100.00%, Whitelist: 0, IPv4: 0, IPv6: 1, Min Delay: 2808 ms, Max Speed: 0.66 M/s, Avg Speed: 0.66 M/s, Max Resolution: 1920x1080
Category: ☘️浙江频道, Name: 缙云新闻综合, Total: 1, Valid: 1, Valid Percent: 100.00%, Whitelist: 0, IPv4: 0, IPv6: 1, Min Delay: 2569 ms, Max Speed: 0.67 M/s, Avg Speed: 0.67 M/s, Max Resolution: 1920x1080
Category: ☘️浙江频道, Name: 绍兴电视台公共, Total: 1, Valid: 1, Valid Percent: 100.00%, Whitelist: 0, IPv4: 1, IPv6: 0, Min Delay: 3002 ms, Max Speed: 0.14 M/s, Avg Speed: 0.14 M/s, Max Resolution: 1280x720
Category: ☘️浙江频道, Name: 绍兴新闻综合, Total: 5, Valid: 5, Valid Percent: 100.00%, Whitelist: 0, IPv4: 5, IPv6: 0, Min Delay: 3002 ms, Max Speed: 0.17 M/s, Avg Speed: 0.15 M/s, Max Resolution: 1280x720
Category: ☘️浙江频道, Name: 绍兴文化影院, Total: 3, Valid: 3, Valid Percent: 100.00%, Whitelist: 0, IPv4: 3, IPv6: 0, Min Delay: 3002 ms, Max Speed: 0.16 M/s, Avg Speed: 0.14 M/s, Max Resolution: 1280x720
Category: ☘️浙江频道, Name: 海宁新闻综合, Total: 3, Valid: 3, Valid Percent: 100.00%, Whitelist: 0, IPv4: 3, IPv6: 0, Min Delay: 179 ms, Max Speed: 3.74 M/s, Avg Speed: 1.94 M/s, Max Resolution: 1280x720
Category: ☘️浙江频道, Name: 洞头综合, Total: 1, Valid: 1, Valid Percent: 100.00%, Whitelist: 0, IPv4: 0, IPv6: 1, Min Delay: 3001 ms, Max Speed: 0.44 M/s, Avg Speed: 0.44 M/s, Max Resolution: 1920x1080
Category: ☘️浙江频道, Name: 永嘉新闻综合, Total: 3, Valid: 3, Valid Percent: 100.00%, Whitelist: 0, IPv4: 2, IPv6: 1, Min Delay: 3001 ms, Max Speed: 1.37 M/s, Avg Speed: 1.07 M/s, Max Resolution: 1920x1080
Category: ☘️浙江频道, Name: 武义新闻综合, Total: 4, Valid: 4, Valid Percent: 100.00%, Whitelist: 0, IPv4: 3, IPv6: 1, Min Delay: 2334 ms, Max Speed: 0.50 M/s, Avg Speed: 0.42 M/s, Max Resolution: 1920x1080
Category: ☘️浙江频道, Name: 松阳综合, Total: 5, Valid: 5, Valid Percent: 100.00%, Whitelist: 0, IPv4: 5, IPv6: 0, Min Delay: 2247 ms, Max Speed: 1.61 M/s, Avg Speed: 0.94 M/s, Max Resolution: 1920x1080
Category: ☘️浙江频道, Name: 普陀电视台, Total: 1, Valid: 1, Valid Percent: 100.00%, Whitelist: 0, IPv4: 0, IPv6: 1, Min Delay: 2701 ms, Max Speed: 0.67 M/s, Avg Speed: 0.67 M/s, Max Resolution: 1920x1080
Category: ☘️浙江频道, Name: 新昌生活, Total: 1, Valid: 1, Valid Percent: 100.00%, Whitelist: 0, IPv4: 0, IPv6: 1, Min Delay: 2468 ms, Max Speed: 0.49 M/s, Avg Speed: 0.49 M/s, Max Resolution: 1920x1080
Category: ☘️浙江频道, Name: 新昌新闻综合, Total: 2, Valid: 2, Valid Percent: 100.00%, Whitelist: 0, IPv4: 1, IPv6: 1, Min Delay: 2735 ms, Max Speed: 0.86 M/s, Avg Speed: 0.71 M/s, Max Resolution: 1920x1080
Category: ☘️浙江频道, Name: 文成综合, Total: 1, Valid: 1, Valid Percent: 100.00%, Whitelist: 0, IPv4: 0, IPv6: 1, Min Delay: 3001 ms, Max Speed: 0.29 M/s, Avg Speed: 0.29 M/s, Max Resolution: 1920x1080
Category: ☘️浙江频道, Name: 开化新闻综合, Total: 1, Valid: 1, Valid Percent: 100.00%, Whitelist: 0, IPv4: 0, IPv6: 1, Min Delay: 3001 ms, Max Speed: 0.39 M/s, Avg Speed: 0.39 M/s, Max Resolution: 1920x1080
Category: ☘️浙江频道, Name: 开化国家公园, Total: 1, Valid: 1, Valid Percent: 100.00%, Whitelist: 0, IPv4: 0, IPv6: 1, Min Delay: 2732 ms, Max Speed: 0.61 M/s, Avg Speed: 0.61 M/s, Max Resolution: 1920x1080
Category: ☘️浙江频道, Name: 庆元综合, Total: 2, Valid: 2, Valid Percent: 100.00%, Whitelist: 0, IPv4: 1, IPv6: 1, Min Delay: 3001 ms, Max Speed: 0.45 M/s, Avg Speed: 0.43 M/s, Max Resolution: 1920x1080
Category: ☘️浙江频道, Name: 平湖民生休闲, Total: 1, Valid: 1, Valid Percent: 100.00%, Whitelist: 0, IPv4: 0, IPv6: 1, Min Delay: 2601 ms, Max Speed: 0.17 M/s, Avg Speed: 0.17 M/s, Max Resolution: 1920x1080
Category: ☘️浙江频道, Name: 平湖新闻综合, Total: 1, Valid: 1, Valid Percent: 100.00%, Whitelist: 0, IPv4: 0, IPv6: 1, Min Delay: 1653 ms, Max Speed: 0.21 M/s, Avg Speed: 0.21 M/s, Max Resolution: 1920x1080
Category: ☘️浙江频道, Name: 嵊泗综合, Total: 1, Valid: 1, Valid Percent: 100.00%, Whitelist: 0, IPv4: 1, IPv6: 0, Min Delay: 2333 ms, Max Speed: 0.68 M/s, Avg Speed: 0.68 M/s, Max Resolution: 720x576
Category: ☘️浙江频道, Name: 嵊州新闻综合, Total: 1, Valid: 1, Valid Percent: 100.00%, Whitelist: 0, IPv4: 0, IPv6: 1, Min Delay: 3002 ms, Max Speed: 0.59 M/s, Avg Speed: 0.59 M/s, Max Resolution: 1920x1080
Category: ☘️浙江频道, Name: 兰溪新闻综合, Total: 3, Valid: 3, Valid Percent: 100.00%, Whitelist: 0, IPv4: 2, IPv6: 1, Min Delay: 2691 ms, Max Speed: 0.69 M/s, Avg Speed: 0.63 M/s, Max Resolution: 1920x1080
Category: ☘️浙江频道, Name: 余杭综合, Total: 3, Valid: 3, Valid Percent: 100.00%, Whitelist: 0, IPv4: 2, IPv6: 1, Min Delay: 2422 ms, Max Speed: 0.53 M/s, Avg Speed: 0.50 M/s, Max Resolution: 1920x1080
Category: ☘️浙江频道, Name: 余杭未来E, Total: 2, Valid: 2, Valid Percent: 100.00%, Whitelist: 0, IPv4: 1, IPv6: 1, Min Delay: 2667 ms, Max Speed: 0.76 M/s, Avg Speed: 0.61 M/s, Max Resolution: 1920x1080
Category: ☘️浙江频道, Name: 余姚综合, Total: 1, Valid: 1, Valid Percent: 100.00%, Whitelist: 0, IPv4: 1, IPv6: 0, Min Delay: 3001 ms, Max Speed: 0.26 M/s, Avg Speed: 0.26 M/s, Max Resolution: None
Category: ☘️浙江频道, Name: 余姚姚江文化, Total: 1, Valid: 1, Valid Percent: 100.00%, Whitelist: 0, IPv4: 1, IPv6: 0, Min Delay: 3001 ms, Max Speed: 0.45 M/s, Avg Speed: 0.45 M/s, Max Resolution: 1920x1080
Category: ☘️浙江频道, Name: 云和新闻综合, Total: 1, Valid: 1, Valid Percent: 100.00%, Whitelist: 0, IPv4: 0, IPv6: 1, Min Delay: 2819 ms, Max Speed: 0.94 M/s, Avg Speed: 0.94 M/s, Max Resolution: 1920x1080
Category: ☘️浙江频道, Name: 东阳影视生活, Total: 1, Valid: 1, Valid Percent: 100.00%, Whitelist: 0, IPv4: 0, IPv6: 1, Min Delay: 3002 ms, Max Speed: 0.60 M/s, Avg Speed: 0.60 M/s, Max Resolution: 1920x1080
Category: ☘️浙江频道, Name: 上虞新闻综合, Total: 3, Valid: 3, Valid Percent: 100.00%, Whitelist: 0, IPv4: 2, IPv6: 1, Min Delay: 3001 ms, Max Speed: 1.09 M/s, Avg Speed: 1.08 M/s, Max Resolution: 1920x1080
Category: ☘️浙江频道, Name: 上虞文化影院, Total: 4, Valid: 4, Valid Percent: 100.00%, Whitelist: 0, IPv4: 4, IPv6: 0, Min Delay: 2924 ms, Max Speed: 1.20 M/s, Avg Speed: 0.96 M/s, Max Resolution: 1920x1080
Category: ☘️北京频道, Name: 北京卡酷少儿, Total: 1, Valid: 1, Valid Percent: 100.00%, Whitelist: 0, IPv4: 1, IPv6: 0, Min Delay: 464 ms, Max Speed: 5.81 M/s, Avg Speed: 5.81 M/s, Max Resolution: 1920x1080
Category: ☘️北京频道, Name: 北京新闻, Total: 1, Valid: 1, Valid Percent: 100.00%, Whitelist: 0, IPv4: 0, IPv6: 1, Min Delay: 579 ms, Max Speed: 0.10 M/s, Avg Speed: 0.10 M/s, Max Resolution: 1920x1080
Category: ☘️北京频道, Name: 北京科教, Total: 1, Valid: 1, Valid Percent: 100.00%, Whitelist: 0, IPv4: 1, IPv6: 0, Min Delay: 14 ms, Max Speed: 7.59 M/s, Avg Speed: 7.59 M/s, Max Resolution: 19x24
Category: ☘️北京频道, Name: 北京财经, Total: 1, Valid: 1, Valid Percent: 100.00%, Whitelist: 0, IPv4: 1, IPv6: 0, Min Delay: 1007 ms, Max Speed: 0.09 M/s, Avg Speed: 0.09 M/s, Max Resolution: None
Category: ☘️北京频道, Name: 北京青年, Total: 1, Valid: 1, Valid Percent: 100.00%, Whitelist: 0, IPv4: 1, IPv6: 0, Min Delay: 8 ms, Max Speed: 20.65 M/s, Avg Speed: 20.65 M/s, Max Resolution: 19x24
Category: ☘️上海频道, Name: 七彩戏剧, Total: 3, Valid: 3, Valid Percent: 100.00%, Whitelist: 0, IPv4: 3, IPv6: 0, Min Delay: 1244 ms, Max Speed: 1.45 M/s, Avg Speed: 0.91 M/s, Max Resolution: 1920x1080
Category: ☘️上海频道, Name: 上海外语, Total: 3, Valid: 3, Valid Percent: 100.00%, Whitelist: 0, IPv4: 3, IPv6: 0, Min Delay: 1383 ms, Max Speed: 1.44 M/s, Avg Speed: 0.97 M/s, Max Resolution: 1920x1080
Category: ☘️上海频道, Name: 上海第一财经, Total: 1, Valid: 1, Valid Percent: 100.00%, Whitelist: 0, IPv4: 1, IPv6: 0, Min Delay: 25 ms, Max Speed: 4.58 M/s, Avg Speed: 4.58 M/s, Max Resolution: None
Category: ☘️上海频道, Name: 东方影视, Total: 6, Valid: 6, Valid Percent: 100.00%, Whitelist: 0, IPv4: 6, IPv6: 0, Min Delay: 1097 ms, Max Speed: 2.01 M/s, Avg Speed: 0.34 M/s, Max Resolution: 1920x1080
Category: ☘️上海频道, Name: 动漫秀场, Total: 15, Valid: 6, Valid Percent: 40.00%, Whitelist: 0, IPv4: 15, IPv6: 0, Min Delay: 432 ms, Max Speed: 0.09 M/s, Avg Speed: 0.06 M/s, Max Resolution: 1920x1080
Category: ☘️上海频道, Name: 哈哈炫动, Total: 4, Valid: 4, Valid Percent: 100.00%, Whitelist: 0, IPv4: 4, IPv6: 0, Min Delay: 427 ms, Max Speed: 5.09 M/s, Avg Speed: 1.29 M/s, Max Resolution: 1920x1080
Category: ☘️上海频道, Name: 欢笑剧场, Total: 8, Valid: 5, Valid Percent: 62.50%, Whitelist: 0, IPv4: 7, IPv6: 1, Min Delay: 353 ms, Max Speed: 3.80 M/s, Avg Speed: 1.99 M/s, Max Resolution: 1920x1080
Category: ☘️上海频道, Name: 法治天地, Total: 1, Valid: 1, Valid Percent: 100.00%, Whitelist: 0, IPv4: 1, IPv6: 0, Min Delay: 53 ms, Max Speed: 100.93 M/s, Avg Speed: 100.93 M/s, Max Resolution: 1920x1080
Category: ☘️上海频道, Name: 生活时尚, Total: 11, Valid: 2, Valid Percent: 18.18%, Whitelist: 0, IPv4: 11, IPv6: 0, Min Delay: 2471 ms, Max Speed: 0.03 M/s, Avg Speed: 0.02 M/s, Max Resolution: 1920x1080
Category: ☘️上海频道, Name: 纪实人文, Total: 2, Valid: 1, Valid Percent: 50.00%, Whitelist: 0, IPv4: 2, IPv6: 0, Min Delay: 87 ms, Max Speed: 0.09 M/s, Avg Speed: 0.09 M/s, Max Resolution: None
Category: ☘️上海频道, Name: 都市剧场, Total: 2, Valid: 2, Valid Percent: 100.00%, Whitelist: 0, IPv4: 2, IPv6: 0, Min Delay: 101 ms, Max Speed: 55.86 M/s, Avg Speed: 32.01 M/s, Max Resolution: 1920x1080
Category: ☘️上海频道, Name: 金山电视台, Total: 1, Valid: 1, Valid Percent: 100.00%, Whitelist: 0, IPv4: 1, IPv6: 0, Min Delay: 3001 ms, Max Speed: 0.63 M/s, Avg Speed: 0.63 M/s, Max Resolution: 1920x1080
Category: 🌊港·澳·台, Name: 翡翠台, Total: 1, Valid: 0, Valid Percent: 0.00%, Whitelist: 0, IPv4: 1, IPv6: 0, Min Delay: -1 ms, Max Speed: 0.00 M/s, Avg Speed: 0.00 M/s, Max Resolution: 1920x1080
Category: 🌊港·澳·台, Name: 明珠台, Total: 2, Valid: 2, Valid Percent: 100.00%, Whitelist: 0, IPv4: 0, IPv6: 2, Min Delay: 301 ms, Max Speed: 13.66 M/s, Avg Speed: 11.82 M/s, Max Resolution: 1920x1080
Category: 🌊港·澳·台, Name: 凤凰中文, Total: 4, Valid: 3, Valid Percent: 75.00%, Whitelist: 0, IPv4: 3, IPv6: 1, Min Delay: 316 ms, Max Speed: 20.70 M/s, Avg Speed: 7.03 M/s, Max Resolution: 1920x1080
Category: 🌊港·澳·台, Name: 凤凰资讯, Total: 3, Valid: 2, Valid Percent: 66.67%, Whitelist: 0, IPv4: 3, IPv6: 0, Min Delay: 398 ms, Max Speed: 3.40 M/s, Avg Speed: 1.85 M/s, Max Resolution: 1920x1080
Category: 🌊港·澳·台, Name: 凤凰香港, Total: 3, Valid: 3, Valid Percent: 100.00%, Whitelist: 0, IPv4: 3, IPv6: 0, Min Delay: 401 ms, Max Speed: 3.45 M/s, Avg Speed: 1.28 M/s, Max Resolution: 1280x720
Category: 🌊港·澳·台, Name: TVBS亚洲, Total: 1, Valid: 1, Valid Percent: 100.00%, Whitelist: 0, IPv4: 0, IPv6: 1, Min Delay: 70 ms, Max Speed: 36.18 M/s, Avg Speed: 36.18 M/s, Max Resolution: 1920x1080
Category: 🌊港·澳·台, Name: Viutv, Total: 5, Valid: 5, Valid Percent: 100.00%, Whitelist: 0, IPv4: 1, IPv6: 4, Min Delay: 273 ms, Max Speed: 21.41 M/s, Avg Speed: 16.23 M/s, Max Resolution: 1920x1080
Category: 🌊港·澳·台, Name: 无线新闻, Total: 1, Valid: 1, Valid Percent: 100.00%, Whitelist: 0, IPv4: 0, IPv6: 1, Min Delay: 244 ms, Max Speed: 31.75 M/s, Avg Speed: 31.75 M/s, Max Resolution: 1920x1080
Category: 🌊港·澳·台, Name: 三立新闻, Total: 1, Valid: 1, Valid Percent: 100.00%, Whitelist: 0, IPv4: 0, IPv6: 1, Min Delay: 837 ms, Max Speed: 1.49 M/s, Avg Speed: 1.49 M/s, Max Resolution: None
Category: 🌊港·澳·台, Name: 东森超视, Total: 1, Valid: 1, Valid Percent: 100.00%, Whitelist: 0, IPv4: 1, IPv6: 0, Min Delay: 2355 ms, Max Speed: 0.81 M/s, Avg Speed: 0.81 M/s, Max Resolution: 1920x1080
Category: 🎬电影频道, Name: CHC高清电影, Total: 5, Valid: 2, Valid Percent: 40.00%, Whitelist: 0, IPv4: 5, IPv6: 0, Min Delay: 3002 ms, Max Speed: 0.12 M/s, Avg Speed: 0.10 M/s, Max Resolution: 1920x1080
Category: 🎬电影频道, Name: 淘剧场, Total: 1, Valid: 1, Valid Percent: 100.00%, Whitelist: 0, IPv4: 1, IPv6: 0, Min Delay: 414 ms, Max Speed: 0.62 M/s, Avg Speed: 0.62 M/s, Max Resolution: 1920x1080
Category: 🎬电影频道, Name: NewTV惊悚悬疑, Total: 2, Valid: 2, Valid Percent: 100.00%, Whitelist: 0, IPv4: 2, IPv6: 0, Min Delay: 54 ms, Max Speed: 93.47 M/s, Avg Speed: 87.11 M/s, Max Resolution: 1920x1080
Category: 🎬电影频道, Name: NewTV动作电影, Total: 2, Valid: 1, Valid Percent: 50.00%, Whitelist: 0, IPv4: 2, IPv6: 0, Min Delay: 479 ms, Max Speed: 0.41 M/s, Avg Speed: 0.41 M/s, Max Resolution: 1920x1080
Category: 🎬电影频道, Name: 靖天映画, Total: 5, Valid: 1, Valid Percent: 20.00%, Whitelist: 0, IPv4: 3, IPv6: 2, Min Delay: 41 ms, Max Speed: 1.19 M/s, Avg Speed: 1.19 M/s, Max Resolution: 1920x1080
Category: 🎬电影频道, Name: 靖天戏剧, Total: 5, Valid: 1, Valid Percent: 20.00%, Whitelist: 0, IPv4: 3, IPv6: 2, Min Delay: 6 ms, Max Speed: 3.54 M/s, Avg Speed: 3.54 M/s, Max Resolution: 1920x1080
Category: 🎬电影频道, Name: 经典电影, Total: 1, Valid: 1, Valid Percent: 100.00%, Whitelist: 0, IPv4: 1, IPv6: 0, Min Delay: 978 ms, Max Speed: 0.73 M/s, Avg Speed: 0.73 M/s, Max Resolution: 1280x720
Category: 🎬电影频道, Name: IPTV经典电影, Total: 1, Valid: 1, Valid Percent: 100.00%, Whitelist: 0, IPv4: 1, IPv6: 0, Min Delay: 478 ms, Max Speed: 0.24 M/s, Avg Speed: 0.24 M/s, Max Resolution: 1920x1080
Category: 🎬电影频道, Name: 天映经典, Total: 3, Valid: 3, Valid Percent: 100.00%, Whitelist: 0, IPv4: 1, IPv6: 2, Min Delay: 272 ms, Max Speed: 16.02 M/s, Avg Speed: 7.68 M/s, Max Resolution: 1920x1080
Category: 🎬电影频道, Name: 龙祥电影, Total: 1, Valid: 1, Valid Percent: 100.00%, Whitelist: 0, IPv4: 1, IPv6: 0, Min Delay: 1273 ms, Max Speed: 0.16 M/s, Avg Speed: 0.16 M/s, Max Resolution: 1920x1080
Category: 🏀体育频道, Name: 广东体育, Total: 3, Valid: 3, Valid Percent: 100.00%, Whitelist: 0, IPv4: 2, IPv6: 1, Min Delay: 254 ms, Max Speed: 42.66 M/s, Avg Speed: 19.11 M/s, Max Resolution: 1920x1080
Category: 🏀体育频道, Name: 五星体育, Total: 3, Valid: 3, Valid Percent: 100.00%, Whitelist: 0, IPv4: 2, IPv6: 1, Min Delay: 583 ms, Max Speed: 19.49 M/s, Avg Speed: 10.46 M/s, Max Resolution: 1920x1080
Category: 🏀体育频道, Name: 劲爆体育, Total: 7, Valid: 7, Valid Percent: 100.00%, Whitelist: 0, IPv4: 7, IPv6: 0, Min Delay: 1312 ms, Max Speed: 3.53 M/s, Avg Speed: 1.15 M/s, Max Resolution: 1920x1080
Category: 🏀体育频道, Name: 爱体育, Total: 20, Valid: 0, Valid Percent: 0.00%, Whitelist: 0, IPv4: 20, IPv6: 0, Min Delay: 3004 ms, Max Speed: 0.00 M/s, Avg Speed: 0.00 M/s, Max Resolution: None
Category: 🏀体育频道, Name: 广州竞赛, Total: 1, Valid: 0, Valid Percent: 0.00%, Whitelist: 0, IPv4: 1, IPv6: 0, Min Delay: 567 ms, Max Speed: 0.00 M/s, Avg Speed: 0.00 M/s, Max Resolution: None
Category: 🏀体育频道, Name: 辽宁体育, Total: 2, Valid: 1, Valid Percent: 50.00%, Whitelist: 0, IPv4: 2, IPv6: 0, Min Delay: 3002 ms, Max Speed: 0.49 M/s, Avg Speed: 0.49 M/s, Max Resolution: 1920x1080
Category: 🏀体育频道, Name: 山东体育, Total: 1, Valid: 1, Valid Percent: 100.00%, Whitelist: 0, IPv4: 1, IPv6: 0, Min Delay: 25 ms, Max Speed: 4.28 M/s, Avg Speed: 4.28 M/s, Max Resolution: None
Category: 🏀体育频道, Name: 天津体育, Total: 4, Valid: 4, Valid Percent: 100.00%, Whitelist: 0, IPv4: 4, IPv6: 0, Min Delay: 356 ms, Max Speed: 2.96 M/s, Avg Speed: 1.64 M/s, Max Resolution: 1920x1080
Category: 🏀体育频道, Name: 睛彩篮球, Total: 1, Valid: 1, Valid Percent: 100.00%, Whitelist: 0, IPv4: 1, IPv6: 0, Min Delay: 413 ms, Max Speed: 0.02 M/s, Avg Speed: 0.02 M/s, Max Resolution: 1920x1080
Category: 🏀体育频道, Name: 睛彩广场舞, Total: 3, Valid: 0, Valid Percent: 0.00%, Whitelist: 0, IPv4: 3, IPv6: 0, Min Delay: 484 ms, Max Speed: 0.00 M/s, Avg Speed: 0.00 M/s, Max Resolution: 0x0
Category: 🏀体育频道, Name: 魅力足球, Total: 6, Valid: 4, Valid Percent: 66.67%, Whitelist: 0, IPv4: 6, IPv6: 0, Min Delay: 1276 ms, Max Speed: 1.32 M/s, Avg Speed: 0.76 M/s, Max Resolution: 1920x1080
Category: 🏀体育频道, Name: 天元围棋, Total: 2, Valid: 2, Valid Percent: 100.00%, Whitelist: 0, IPv4: 2, IPv6: 0, Min Delay: 492 ms, Max Speed: 7.89 M/s, Avg Speed: 7.87 M/s, Max Resolution: 1920x1080
Category: 🏀体育频道, Name: JJ斗地主, Total: 4, Valid: 4, Valid Percent: 100.00%, Whitelist: 0, IPv4: 4, IPv6: 0, Min Delay: 307 ms, Max Speed: 2.40 M/s, Avg Speed: 2.12 M/s, Max Resolution: 1920x1080
Category: 🪁动画频道, Name: 新动漫, Total: 9, Valid: 1, Valid Percent: 11.11%, Whitelist: 0, IPv4: 9, IPv6: 0, Min Delay: 84 ms, Max Speed: 0.00 M/s, Avg Speed: 0.00 M/s, Max Resolution: None
Category: 🪁动画频道, Name: 优漫卡通, Total: 2, Valid: 2, Valid Percent: 100.00%, Whitelist: 0, IPv4: 2, IPv6: 0, Min Delay: 1308 ms, Max Speed: 1.46 M/s, Avg Speed: 1.42 M/s, Max Resolution: 1920x1080
Category: 🪁动画频道, Name: 河北少儿科教, Total: 1, Valid: 1, Valid Percent: 100.00%, Whitelist: 0, IPv4: 1, IPv6: 0, Min Delay: 3002 ms, Max Speed: 0.02 M/s, Avg Speed: 0.02 M/s, Max Resolution: None
Category: 🪁动画频道, Name: 七龙珠, Total: 2, Valid: 2, Valid Percent: 100.00%, Whitelist: 0, IPv4: 0, IPv6: 2, Min Delay: 360 ms, Max Speed: 0.52 M/s, Avg Speed: 0.51 M/s, Max Resolution: 960x720
Category: 🪁动画频道, Name: 中华小当家, Total: 1, Valid: 1, Valid Percent: 100.00%, Whitelist: 0, IPv4: 0, IPv6: 1, Min Delay: 360 ms, Max Speed: 0.31 M/s, Avg Speed: 0.31 M/s, Max Resolution: 1920x1080
Category: 🪁动画频道, Name: 猫和老鼠, Total: 2, Valid: 2, Valid Percent: 100.00%, Whitelist: 0, IPv4: 0, IPv6: 2, Min Delay: 345 ms, Max Speed: 0.47 M/s, Avg Speed: 0.43 M/s, Max Resolution: 640x464
Category: 🪁动画频道, Name: 经典动漫, Total: 1, Valid: 1, Valid Percent: 100.00%, Whitelist: 0, IPv4: 0, IPv6: 1, Min Delay: 57 ms, Max Speed: 8.76 M/s, Avg Speed: 8.76 M/s, Max Resolution: 1920x1080
Category: 🪁动画频道, Name: 蜡笔小新, Total: 1, Valid: 1, Valid Percent: 100.00%, Whitelist: 0, IPv4: 1, IPv6: 0, Min Delay: 1257 ms, Max Speed: 1.30 M/s, Avg Speed: 1.30 M/s, Max Resolution: 1440x1080
Category: 🪁动画频道, Name: 漫画解说, Total: 1, Valid: 1, Valid Percent: 100.00%, Whitelist: 0, IPv4: 0, IPv6: 1, Min Delay: 846 ms, Max Speed: 0.24 M/s, Avg Speed: 0.24 M/s, Max Resolution: 1920x1080
Category: 🎮游戏频道, Name: 游戏风云, Total: 12, Valid: 4, Valid Percent: 33.33%, Whitelist: 0, IPv4: 12, IPv6: 0, Min Delay: 1235 ms, Max Speed: 1.39 M/s, Avg Speed: 0.75 M/s, Max Resolution: 1920x1080
Category: 🎵音乐频道, Name: 音乐现场, Total: 2, Valid: 2, Valid Percent: 100.00%, Whitelist: 0, IPv4: 2, IPv6: 0, Min Delay: 17 ms, Max Speed: 5.69 M/s, Avg Speed: 5.09 M/s, Max Resolution: None
Category: 🎵音乐频道, Name: 潮流音乐, Total: 1, Valid: 1, Valid Percent: 100.00%, Whitelist: 0, IPv4: 1, IPv6: 0, Min Delay: 3001 ms, Max Speed: 0.02 M/s, Avg Speed: 0.02 M/s, Max Resolution: None
Category: 🏛经典剧场, Name: 笑傲江湖, Total: 1, Valid: 1, Valid Percent: 100.00%, Whitelist: 0, IPv4: 0, IPv6: 1, Min Delay: 346 ms, Max Speed: 0.80 M/s, Avg Speed: 0.80 M/s, Max Resolution: 1920x1080
Category: 🏛经典剧场, Name: 天龙八部, Total: 1, Valid: 1, Valid Percent: 100.00%, Whitelist: 0, IPv4: 0, IPv6: 1, Min Delay: 347 ms, Max Speed: 0.39 M/s, Avg Speed: 0.39 M/s, Max Resolution: 1920x1080
Category: 🏛经典剧场, Name: 鹿鼎记, Total: 2, Valid: 2, Valid Percent: 100.00%, Whitelist: 0, IPv4: 1, IPv6: 1, Min Delay: 78 ms, Max Speed: 22.18 M/s, Avg Speed: 14.06 M/s, Max Resolution: 1440x1080
Category: 🏛经典剧场, Name: 仙剑奇侠传, Total: 1, Valid: 1, Valid Percent: 100.00%, Whitelist: 0, IPv4: 0, IPv6: 1, Min Delay: 784 ms, Max Speed: 1.00 M/s, Avg Speed: 1.00 M/s, Max Resolution: 1920x1080
Category: 🏛经典剧场, Name: 西游记, Total: 1, Valid: 1, Valid Percent: 100.00%, Whitelist: 0, IPv4: 1, IPv6: 0, Min Delay: 455 ms, Max Speed: 5.13 M/s, Avg Speed: 5.13 M/s, Max Resolution: 1920x1080
Category: 🏛经典剧场, Name: 三国演义, Total: 2, Valid: 2, Valid Percent: 100.00%, Whitelist: 0, IPv4: 0, IPv6: 2, Min Delay: 332 ms, Max Speed: 0.64 M/s, Avg Speed: 0.63 M/s, Max Resolution: 1280x960
Category: 🏛经典剧场, Name: 水浒传, Total: 5, Valid: 5, Valid Percent: 100.00%, Whitelist: 0, IPv4: 3, IPv6: 2, Min Delay: 44 ms, Max Speed: 9.17 M/s, Avg Speed: 7.58 M/s, Max Resolution: 1440x1080
Category: 🏛经典剧场, Name: 闯关东, Total: 1, Valid: 1, Valid Percent: 100.00%, Whitelist: 0, IPv4: 1, IPv6: 0, Min Delay: 628 ms, Max Speed: 8.79 M/s, Avg Speed: 8.79 M/s, Max Resolution: 1920x1080
